=== analysis/run_resume.sh  from fig2c  Fri Jul 24 10:57:28 MDT 2026 ===
START fig2c_embedding_benchmark.ipynb  10:57:28
OK    fig2c_embedding_benchmark.ipynb  1227s
START fig2d_pseudotime_embedding_benchmark.ipynb  11:17:55
OK    fig2d_pseudotime_embedding_benchmark.ipynb  3951s
START fig2e_fa_benchmark.ipynb  12:23:46
OK    fig2e_fa_benchmark.ipynb  4664s
START figure3_hematopoiesis.ipynb  13:41:30
OK    figure3_hematopoiesis.ipynb  1032s
START fig4_01_scjdo_operators.ipynb  13:58:42
OK    fig4_01_scjdo_operators.ipynb  140s
START fig4_02_splicejac_operators.ipynb  14:01:02
OK    fig4_02_splicejac_operators.ipynb  36s
START fig4_03_dynamo_operators.ipynb  14:01:38
OK    fig4_03_dynamo_operators.ipynb  82s
START fig4_04_concordance_metrics.ipynb  14:03:00
OK    fig4_04_concordance_metrics.ipynb  197s
START figure6_k562.ipynb  14:06:17
OK    figure6_k562.ipynb  390s
START saddle_localization_v3_label_blind.ipynb  14:12:47
OK    saddle_localization_v3_label_blind.ipynb  44s
START supp_multiome_FA_integration.ipynb  14:13:31
OK    supp_multiome_FA_integration.ipynb  64s
START supp_multiome_drift_cellcycle_regressed.ipynb  14:14:35
OK    supp_multiome_drift_cellcycle_regressed.ipynb  600s
START bandwidth_sweep_dc_met.py  14:24:35
OK    bandwidth_sweep_dc_met.py  783s
START fig2f_fa_pca_scvi_benchmark.ipynb  14:37:38
OK    fig2f_fa_pca_scvi_benchmark.ipynb  5738s
START figure5_reprogramming.ipynb  16:13:16
OK    figure5_reprogramming.ipynb  2922s
START figure5_reprogramming_tv01.ipynb  17:01:58
OK    figure5_reprogramming_tv01.ipynb  2915s
START make_supp_fig_tv_robustness.py  17:50:33
OK    make_supp_fig_tv_robustness.py  2s
START make_supp_fig_bandwidth.py  17:50:35
OK    make_supp_fig_bandwidth.py  0s
=== RESUME DONE Fri Jul 24 17:50:35 MDT 2026 ===
